digraph  {
a0 [shape=none label=<
<TABLE border="0" cellspacing="10" cellpadding="10" style="rounded" bgcolor="black">
<TR>

<TD bgcolor="black">
<TABLE border="0" cellspacing="10" cellpadding="10" style="rounded" bgcolor="white">
<TR>
<TD bgcolor="white">&nbsp;</TD>
<TD bgcolor="white">&nbsp;</TD>
<TD bgcolor="white">&nbsp;</TD>
</TR>

<TR>
<TD bgcolor="white">&nbsp;</TD>
<TD bgcolor="white">&nbsp;</TD>
<TD bgcolor="white">&nbsp;</TD>
</TR>

<TR>
<TD bgcolor="white">&nbsp;</TD>
<TD bgcolor="white">&nbsp;</TD>
<TD bgcolor="white">&nbsp;</TD>
</TR>
</TABLE>
</TD>

<TD bgcolor="white">
<TABLE border="0" cellspacing="10" cellpadding="10" style="rounded" bgcolor="black">
<TR>
<TD bgcolor="black">&nbsp;</TD>
<TD bgcolor="black">&nbsp;</TD>
<TD bgcolor="black">&nbsp;</TD>
</TR>

<TR>
<TD bgcolor="black">&nbsp;</TD>
<TD bgcolor="black">&nbsp;</TD>
<TD bgcolor="black">&nbsp;</TD>
</TR>

<TR>
<TD bgcolor="black">&nbsp;</TD>
<TD bgcolor="black">&nbsp;</TD>
<TD bgcolor="black">&nbsp;</TD>
</TR>
</TABLE>
</TD>

<TD bgcolor="white">
<TABLE border="0" cellspacing="10" cellpadding="10" style="rounded" bgcolor="black">
<TR>
<TD bgcolor="white">.</TD>
<TD bgcolor="white">.</TD>
<TD bgcolor="white">.</TD>
</TR>

<TR>
<TD bgcolor="white">.</TD>
<TD bgcolor="white">.</TD>
<TD bgcolor="white">.</TD>
</TR>

<TR>
<TD bgcolor="white">.</TD>
<TD bgcolor="white">.</TD>
<TD bgcolor="white">.</TD>
</TR>
</TABLE>  
</TD>

</TR>
<TR>

<TD bgcolor="white">
<TABLE border="0" cellspacing="10" cellpadding="10" style="rounded" bgcolor="black">
<TR>
<TD bgcolor="white">.</TD>
<TD bgcolor="white">.</TD>
<TD bgcolor="white">.</TD>
</TR>
<TR>
<TD bgcolor="white">.</TD>
<TD bgcolor="white">.</TD>
<TD bgcolor="white">.</TD>
</TR>
<TR>
<TD bgcolor="white">.</TD>
<TD bgcolor="white">.</TD>
<TD bgcolor="white">.</TD>
</TR>
</TABLE>  
</TD>

<TD bgcolor="white">
<TABLE border="0" cellspacing="10" cellpadding="10" style="rounded" bgcolor="black">
<TR>
<TD bgcolor="white">.</TD>
<TD bgcolor="white">.</TD>
<TD bgcolor="white">.</TD>
</TR>
<TR>
<TD bgcolor="white">.</TD>
<TD bgcolor="white">.</TD>
<TD bgcolor="white">.</TD>
</TR>
<TR>
<TD bgcolor="white">.</TD>
<TD bgcolor="white">.</TD>
<TD bgcolor="white">.</TD>
</TR>
</TABLE>  
</TD>

<TD bgcolor="white">
<TABLE border="0" cellspacing="10" cellpadding="10" style="rounded" bgcolor="black">
<TR>
<TD bgcolor="white">.</TD>
<TD bgcolor="white">.</TD>
<TD bgcolor="white">.</TD>
</TR>
<TR>
<TD bgcolor="white">.</TD>
<TD bgcolor="white">.</TD>
<TD bgcolor="white">.</TD>
</TR>
<TR>
<TD bgcolor="white">.</TD>
<TD bgcolor="white">.</TD>
<TD bgcolor="white">.</TD>
</TR>
</TABLE>  
</TD>

</TR>
<TR>

<TD bgcolor="white">
<TABLE border="0" cellspacing="10" cellpadding="10" style="rounded" bgcolor="black">
<TR>
<TD bgcolor="white">.</TD>
<TD bgcolor="white">.</TD>
<TD bgcolor="white">.</TD>
</TR>
<TR>
<TD bgcolor="white">.</TD>
<TD bgcolor="white">.</TD>
<TD bgcolor="white">.</TD>
</TR>
<TR>
<TD bgcolor="white">.</TD>
<TD bgcolor="white">.</TD>
<TD bgcolor="white">.</TD>
</TR>
</TABLE>  
</TD>

<TD bgcolor="white">
<TABLE border="0" cellspacing="10" cellpadding="10" style="rounded" bgcolor="black">
<TR>
<TD bgcolor="white">.</TD>
<TD bgcolor="white">.</TD>
<TD bgcolor="white">.</TD>
</TR>
<TR>
<TD bgcolor="white">.</TD>
<TD bgcolor="white">.</TD>
<TD bgcolor="white">.</TD>
</TR>
<TR>
<TD bgcolor="white">.</TD>
<TD bgcolor="white">.</TD>
<TD bgcolor="white">.</TD>
</TR>
</TABLE>  
</TD>

<TD bgcolor="white">
<TABLE border="0" cellspacing="10" cellpadding="10" style="rounded" bgcolor="black">
<TR>
<TD bgcolor="white">.</TD>
<TD bgcolor="white">.</TD>
<TD bgcolor="white">.</TD>
</TR>
<TR>
<TD bgcolor="white">.</TD>
<TD bgcolor="white">.</TD>
<TD bgcolor="white">.</TD>
</TR>
<TR>
<TD bgcolor="white">.</TD>
<TD bgcolor="white">.</TD>
<TD bgcolor="white">.</TD>
</TR>
</TABLE>  
</TD>

</TR>
</TABLE>

>];

}
